Drill report for KiCAD.kicad_pcb
Created on 2026-07-14T07:35:11

Copper Layer Stackup:
    =============================================================
    L1 :  F.Cu                      front
    L2 :  B.Cu                      back


Drill file 'KiCAD-PTH-drl.gbr' contains
    plated through holes:
    =============================================================
    T1  0.300mm  0.0118"  (17 holes))
    T2  0.400mm  0.0157"  (1 hole)
    T3  0.700mm  0.0276"  (4 holes))
    T4  0.750mm  0.0295"  (32 holes))
    T5  0.800mm  0.0315"  (250 holes))
    T6  0.900mm  0.0354"  (24 holes))
    T7  1.000mm  0.0394"  (85 holes))
    T8  1.100mm  0.0433"  (3 holes))
    T9  1.570mm  0.0618"  (2 holes))
    T10  1.700mm  0.0669"  (1 hole)
    T11  2.000mm  0.0787"  (2 holes))

    Total plated holes count 421


Drill file 'KiCAD-NPTH-drl.gbr' contains
    unplated through holes:
    =============================================================
    T1  2.500mm  0.0984"  (12 holes))
    T2  3.000mm  0.1181"  (2 holes))
    T3  3.200mm  0.1260"  (4 holes))

    Total unplated holes count 18
